---
source: crates/aether-tui/src/lib.rs
expression: snapshot
---
--- 18 columns ---
"┌ AETHER ────────┐"
"│>_ AETHER Fx (v0│"
"│model:     model│"
"│reasoning: suppo│"
"│directory: /tmp/│"
"└────────────────┘"
"› Inspect the     "
"appointment flow  "
"I will inspect the"
"local flow.       "
"  ├ read_file · … "
"  │ inspect source"
"! bounded warning "
"                  "
" Working ─────────"
"›                 "
"                  "
"• Working (0s · … "

--- 24 columns ---
"┌ AETHER ──────────────┐"
"│>_ AETHER Fx (v0.1.0) │"
"│model:     model-a  /m│"
"│reasoning: supported  │"
"│directory: /tmp/projec│"
"└──────────────────────┘"
"› Inspect the           "
"appointment flow        "
"I will inspect the local"
"flow.                   "
"  ├ read_file · …       "
"  │ inspect source      "
"! bounded warning       "
"                        "
" Working ───────────────"
"›                       "
"                        "
"• Working (0s · inspec… "

--- 48 columns ---
"┌ AETHER ──────────────────────────────────────┐"
"│>_ AETHER Fx (v0.1.0)                         │"
"│model:     model-a  /model to change          │"
"│reasoning: supported                          │"
"│directory: /tmp/project  session: new  permiss│"
"└──────────────────────────────────────────────┘"
"› Inspect the appointment flow                  "
"I will inspect the local flow.                  "
"  ├ read_file · …                               "
"  │ inspect source                              "
"! bounded warning                               "
"                                                "
"                                                "
"                                                "
" Working ───────────────────────────────────────"
"›                                               "
"                                                "
"• Working (0s · inspect source · esc to interr… "

--- 80 columns ---
"┌ AETHER ──────────────────────────────────────────────────────────────────────┐"
"│>_ AETHER Fx (v0.1.0)                                                         │"
"│model:     model-a  /model to change                                          │"
"│reasoning: supported                                                          │"
"│directory: /tmp/project  session: new  permissions: prompt                    │"
"└──────────────────────────────────────────────────────────────────────────────┘"
"› Inspect the appointment flow                                                  "
"I will inspect the local flow.                                                  "
"  ├ read_file · …                                                               "
"  │ inspect source                                                              "
"! bounded warning                                                               "
"                                                                                "
"                                                                                "
"                                                                                "
" Working ───────────────────────────────────────────────────────────────────────"
"›                                                                               "
"                                                                                "
"• Working (0s · inspect source · esc to interrupt)                              "

--- 120 columns ---
"┌ AETHER ──────────────────────────────────────────────────────────────────────────────────────────────────────────────┐"
"│>_ AETHER Fx (v0.1.0)                                                                                                 │"
"│model:     model-a  /model to change                                                                                  │"
"│reasoning: supported                                                                                                  │"
"│directory: /tmp/project  session: new  permissions: prompt                                                            │"
"└──────────────────────────────────────────────────────────────────────────────────────────────────────────────────────┘"
"› Inspect the appointment flow                                                                                          "
"I will inspect the local flow.                                                                                          "
"  ├ read_file · …                                                                                                       "
"  │ inspect source                                                                                                      "
"! bounded warning                                                                                                       "
"                                                                                                                        "
"                                                                                                                        "
"                                                                                                                        "
" Working ───────────────────────────────────────────────────────────────────────────────────────────────────────────────"
"›                                                                                                                       "
"                                                                                                                        "
"• Working (0s · inspect source · esc to interrupt)                                                                      "
