---
source: crates/aether-tui/src/lib.rs
expression: "format!(\"palette\\n{palette}\\nreview\\n{review}\")"
---
palette
"┌ AETHER ──────────────────────────────────────────────────────────────────────┐"
"│>_ AETHER Fx (v0.1.0)                                                         │"
"│model:     model-a  /model to change                                          │"
"│reasoning: supported                                                          │"
"│director┌/ Commands──────────────────────────────────────────────────┐        │"
"└────────│› /model  Choose a live Rainy model                         │────────┘"
"         │  /status  Show session, model, workflow, and permission sta│         "
"         │  /context  Show bounded context and workflow evidence      │         "
"         │  /config  Show or update local preferences                 │         "
"         │  /auth  Show credential status or enter a key              │         "
"         │  /sessions  Pick a local session                           │         "
"         │  /resume  Restore a local session                          │         "
"         │  /doctor  Run offline diagnostics                          │         "
"         │  /update  Update AETHER Fx and leave the shell             │         "
"         │  /browser  Install/start Obscura or run read-only research │         "
"         │  /schedule  Create a confirmed local appointment           │         "
"         │  /transcript  Browse the safe session transcript           │         "
"         │  /help  Show local shortcuts and commands                  │         "
"         │  /clear  Start a fresh local session                       │         "
"         └────────────────────────────────────────────────────────────┘         "
" Ask AETHER to do anything ─────────────────────────────────────────────────────"
"› Ask AETHER to do anything                                                     "
"                                                                                "
"? for shortcuts · ctrl+j newline · / for commands                               "

review
"┌ AETHER ──────────────────────────────────────────────────────────────────────┐"
"│>_ AETHER Fx (v0.1.0)                                                         │"
"│model:     model-a  /model to change                                          │"
"│reasoning: supported                                                          │"
"│director┌ Confirm appointment ───────────────────────────────────────┐        │"
"└────────│Review appointment                                          │────────┘"
"         │                                                            │         "
"         │Title:    Design review                                     │         "
"         │Starts:   2026-09-03 14:30 (-05:00)                         │         "
"         │Stored:   2026-09-03T19:30:00Z                              │         "
"         │Duration: 45 minutes                                        │         "
"         │Location: Studio                                            │         "
"         │Notes:    Bring the latest flow                             │         "
"         │Attendees: Alex                                             │         "
"         │                                                            │         "
"         │enter confirm and save locally · esc edit                   │         "
"         │                                                            │         "
"         │                                                            │         "
"         │                                                            │         "
"         └────────────────────────────────────────────────────────────┘         "
" Ask AETHER to do anything ─────────────────────────────────────────────────────"
"› Ask AETHER to do anything                                                     "
"                                                                                "
"? for shortcuts · ctrl+j newline · / for commands                               "
